// Jest Snapshot v1, https://goo.gl/fbAQLP

exports[`Test components Test NewsList component render 1`] = `
<div
  data-news-list={true}
>
  <div
    className="card"
    data-news-card={true}
    key="0"
  >
    <div
      className="card-body"
    >
      <h5
        className="card-title"
      >
        title
      </h5>
      <div>
        body
      </div>
    </div>
  </div>
</div>
`;
